python : Python was not found but can be installed from the Microsoft Store: ms-windows-store://pdp/?productid=9NJ46
SX7X90P
строка:1 знак:1
+ python -m py_compile main.py 2>&1 | Out-File -FilePath compile_errors ...
+ ~~~~~~~~~~~~~~~~~~~~~~~~~~~~~~~~~
    + CategoryInfo          : NotSpecified: (Python was not ...id=9NJ46SX7X90P:String) [], RemoteException
    + FullyQualifiedErrorId : NativeCommandError
 
